============================= test session starts =============================
platform win32 -- Python 3.13.9, pytest-8.4.2, pluggy-1.6.0 -- C:\Users\GenZ\AppData\Local\Microsoft\WindowsApps\PythonSoftwareFoundation.Python.3.13_qbz5n2kfra8p0\python.exe
cachedir: .pytest_cache
rootdir: C:\Users\GenZ\clickgraph
plugins: cov-7.0.0, timeout-2.4.0
collecting ... collected 360 items / 4 errors

=================================== ERRORS ====================================
___________ ERROR collecting tests/python/test_case_expressions.py ____________
import file mismatch:
imported module 'test_case_expressions' has this __file__ attribute:
  C:\Users\GenZ\clickgraph\tests\integration\test_case_expressions.py
which is not the same as the test file we want to collect:
  C:\Users\GenZ\clickgraph\tests\python\test_case_expressions.py
HINT: remove __pycache__ / .pyc files and/or use a unique basename for your test file modules
____________ ERROR collecting tests/python/test_optional_match.py _____________
import file mismatch:
imported module 'test_optional_match' has this __file__ attribute:
  C:\Users\GenZ\clickgraph\tests\integration\test_optional_match.py
which is not the same as the test file we want to collect:
  C:\Users\GenZ\clickgraph\tests\python\test_optional_match.py
HINT: remove __pycache__ / .pyc files and/or use a unique basename for your test file modules
____________ ERROR collecting tests/python/test_path_variables.py _____________
import file mismatch:
imported module 'test_path_variables' has this __file__ attribute:
  C:\Users\GenZ\clickgraph\tests\integration\test_path_variables.py
which is not the same as the test file we want to collect:
  C:\Users\GenZ\clickgraph\tests\python\test_path_variables.py
HINT: remove __pycache__ / .pyc files and/or use a unique basename for your test file modules
______________ ERROR collecting tests/python/test_use_clause.py _______________
import file mismatch:
imported module 'test_use_clause' has this __file__ attribute:
  C:\Users\GenZ\clickgraph\tests\integration\test_use_clause.py
which is not the same as the test file we want to collect:
  C:\Users\GenZ\clickgraph\tests\python\test_use_clause.py
HINT: remove __pycache__ / .pyc files and/or use a unique basename for your test file modules
============================== warnings summary ===============================
tests\e2e_framework.py:34
  C:\Users\GenZ\clickgraph\tests\e2e_framework.py:34: PytestCollectionWarning: cannot collect test class 'TestBucket' because it has a __init__ constructor (from: tests/e2e/test_param_func_e2e.py)
    @dataclass

tests\integration\test_performance.py:263
  C:\Users\GenZ\clickgraph\tests\integration\test_performance.py:263: PytestUnknownMarkWarning: Unknown pytest.mark.slow - is this a typo?  You can register custom marks to avoid this warning - for details, see https://docs.pytest.org/en/stable/how-to/mark.html
    @pytest.mark.slow

tests\integration\test_performance.py:460
  C:\Users\GenZ\clickgraph\tests\integration\test_performance.py:460: PytestUnknownMarkWarning: Unknown pytest.mark.slow - is this a typo?  You can register custom marks to avoid this warning - for details, see https://docs.pytest.org/en/stable/how-to/mark.html
    @pytest.mark.slow

tests\integration\test_performance.py:505
  C:\Users\GenZ\clickgraph\tests\integration\test_performance.py:505: PytestUnknownMarkWarning: Unknown pytest.mark.performance - is this a typo?  You can register custom marks to avoid this warning - for details, see https://docs.pytest.org/en/stable/how-to/mark.html
    pytest.mark.performance = pytest.mark.performance if hasattr(pytest.mark, 'performance') else lambda x: x

tests\integration\test_with_clause.py:13
  C:\Users\GenZ\clickgraph\tests\integration\test_with_clause.py:13: PytestCollectionWarning: cannot collect test class 'TestResult' because it has a __init__ constructor (from: tests/integration/test_with_clause.py)
    class TestResult:

-- Docs: https://docs.pytest.org/en/stable/how-to/capture-warnings.html
=========================== short test summary info ===========================
ERROR tests/python/test_case_expressions.py
ERROR tests/python/test_optional_match.py
ERROR tests/python/test_path_variables.py
ERROR tests/python/test_use_clause.py
!!!!!!!!!!!!!!!!!!! Interrupted: 4 errors during collection !!!!!!!!!!!!!!!!!!!
================== 5 warnings, 4 errors in 62.24s (0:01:02) ===================
