cargo :    Compiling clickgraph v0.3.0 (C:\Users\GenZ\clickgraph)
At line:1 char:1
+ cargo test --lib 2>&1 | Tee-Object -FilePath test_output.txt | Select ...
+ ~~~~~~~~~~~~~~~~~~~~~
    + CategoryInfo          : NotSpecified: (   Compiling cl...enZ\clickgraph):String) [], RemoteException
    + FullyQualifiedErrorId : NativeCommandError
 
warning: unused import: `ValidationError`
 --> src\config.rs:3:27
  |
3 | use validator::{Validate, ValidationError};
  |                           ^^^^^^^^^^^^^^^
  |
  = note: `#[warn(unused_imports)]` on by default

warning: unused import: `analyzer::errors::AnalyzerError`
 --> src\query_planner\mod.rs:9:21
  |
9 |     query_planner::{analyzer::errors::AnalyzerError, logical_plan::{LogicalPlan, PageRank}},
  |                     ^^^^^^^^^^^^^^^^^^^^^^^^^^^^^^^

warning: unused imports: `errors::LogicalPlanError` and `match_clause::evaluate_match_clause`
 --> src\query_planner\logical_plan\optional_match_clause.rs:7:13
  |
7 |             errors::LogicalPlanError,
  |             ^^^^^^^^^^^^^^^^^^^^^^^^
8 |             match_clause::evaluate_match_clause,
  |             ^^^^^^^^^^^^^^^^^^^^^^^^^^^^^^^^^^^

warning: unused import: `query_planner::logical_expr::LogicalExpr`
 --> src\query_planner\logical_plan\with_clause.rs:4:5
  |
4 |     query_planner::logical_expr::LogicalExpr,
  |     ^^^^^^^^^^^^^^^^^^^^^^^^^^^^^^^^^^^^^^^^

warning: unused import: `std::sync::Arc`
 --> src\render_plan\cte_extraction.rs:1:5
  |
1 | use std::sync::Arc;
  |     ^^^^^^^^^^^^^^

warning: unused import: `crate::query_planner::plan_ctx::PlanCtx`
 --> src\render_plan\cte_extraction.rs:4:5
  |
4 | use crate::query_planner::plan_ctx::PlanCtx;
  |     ^^^^^^^^^^^^^^^^^^^^^^^^^^^^^^^^^^^^^^^

warning: unused imports: `AggregateFnCall`, `ColumnAlias`, `Column`, `Literal`, `OperatorApplication`, `ScalarFnCall`, and `TableAlias`
  --> src\render_plan\cte_extraction.rs:11:5
   |
11 |     AggregateFnCall, Column, ColumnAlias, Literal, Operator, OperatorApplication, PropertyAccess, RenderExpr, ScalarFnCall, TableAlias,
   |     ^^^^^^^^^^^^^^^  ^^^^^^  ^^^^^^^^^^^  ^^^^^^^            ^^^^^^^^^^^^^^^^^^^                              ^^^^^^^^^^^^  ^^^^^^^^^^

warning: unused imports: `CteItems`, `FilterItems`, `FromTableItem`, `FromTable`, `GroupByExpressions`, `JoinItems`, `JoinType`, `Join`, `LimitItem`, `OrderByItem`, `OrderByItems`, 
`RenderPlan`, `SelectItem`, `SelectItems`, `SkipItem`, `UnionItems`, `Union`, `ViewTableRef`, `from_table_to_view_ref`, and `view_ref_to_from_table`
  --> src\render_plan\cte_extraction.rs:14:10
   |
14 |     Cte, CteItems, FilterItems, FromTable, FromTableItem, GroupByExpressions, Join, JoinItems, JoinType,
   |          ^^^^^^^^  ^^^^^^^^^^^  ^^^^^^^^^  ^^^^^^^^^^^^^  ^^^^^^^^^^^^^^^^^^  ^^^^  ^^^^^^^^^  ^^^^^^^^
15 |     LimitItem, OrderByItem, OrderByItems, RenderPlan, SelectItem, SelectItems, SkipItem, Union,
   |     ^^^^^^^^^  ^^^^^^^^^^^  ^^^^^^^^^^^^  ^^^^^^^^^^  ^^^^^^^^^^  ^^^^^^^^^^^  ^^^^^^^^  ^^^^^
16 |     UnionItems, ViewTableRef, view_table_ref::{view_ref_to_from_table, from_table_to_view_ref},
   |     ^^^^^^^^^^  ^^^^^^^^^^^^                   ^^^^^^^^^^^^^^^^^^^^^^  ^^^^^^^^^^^^^^^^^^^^^^

warning: unused imports: `analyze_property_requirements` and `extract_var_len_properties`
  --> src\render_plan\cte_extraction.rs:18:29
   |
18 | use super::cte_generation::{analyze_property_requirements, map_property_to_column_with_schema, extract_var_len_properties};
   |                             ^^^^^^^^^^^^^^^^^^^^^^^^^^^^^                                      ^^^^^^^^^^^^^^^^^^^^^^^^^^

warning: unused imports: `CategorizedFilters`, `clean_last_node_filters`, `extract_start_end_filters`, `filter_expr_to_sql`, `render_end_filter_to_column_alias`, 
`rewrite_end_filters_for_variable_length_cte`, `rewrite_expr_for_outer_query`, and `rewrite_expr_for_var_len_cte`
  --> src\render_plan\cte_extraction.rs:20:25
   |
20 |     categorize_filters, clean_last_node_filters, extract_start_end_filters, filter_expr_to_sql,
   |                         ^^^^^^^^^^^^^^^^^^^^^^^  ^^^^^^^^^^^^^^^^^^^^^^^^^  ^^^^^^^^^^^^^^^^^^
21 |     render_end_filter_to_column_alias, rewrite_end_filters_for_variable_length_cte,
   |     ^^^^^^^^^^^^^^^^^^^^^^^^^^^^^^^^^  ^^^^^^^^^^^^^^^^^^^^^^^^^^^^^^^^^^^^^^^^^^^
22 |     rewrite_expr_for_outer_query, rewrite_expr_for_var_len_cte, CategorizedFilters,
   |     ^^^^^^^^^^^^^^^^^^^^^^^^^^^^  ^^^^^^^^^^^^^^^^^^^^^^^^^^^^  ^^^^^^^^^^^^^^^^^^

warning: unused imports: `AggregateFnCall`, `ColumnAlias`, `InSubquery`, `Literal`, `OperatorApplication`, `Operator`, `RenderCase`, and `ScalarFnCall`
 --> src\render_plan\expression_utils.rs:6:5
  |
6 |     AggregateFnCall, Column, ColumnAlias, InSubquery, Literal, Operator, OperatorApplication, PropertyAccess,
  |     ^^^^^^^^^^^^^^^          ^^^^^^^^^^^  ^^^^^^^^^^  ^^^^^^^  ^^^^^^^^  ^^^^^^^^^^^^^^^^^^^
7 |     RenderCase, RenderExpr, ScalarFnCall, TableAlias,
  |     ^^^^^^^^^^              ^^^^^^^^^^^^

warning: unused import: `super::errors::RenderBuildError`
 --> src\render_plan\expression_utils.rs:9:5
  |
9 | use super::errors::RenderBuildError;
  |     ^^^^^^^^^^^^^^^^^^^^^^^^^^^^^^^

warning: unused import: `crate::query_planner::logical_expr::Direction`
 --> src\render_plan\plan_builder.rs:4:5
  |
4 | use crate::query_planner::logical_expr::Direction;
  |     ^^^^^^^^^^^^^^^^^^^^^^^^^^^^^^^^^^^^^^^^^^^^^

warning: unused import: `crate::query_planner::plan_ctx::PlanCtx`
 --> src\render_plan\plan_builder.rs:5:5
  |
5 | use crate::query_planner::plan_ctx::PlanCtx;
  |     ^^^^^^^^^^^^^^^^^^^^^^^^^^^^^^^^^^^^^^^

warning: unused import: `AggregateFnCall`
  --> src\render_plan\plan_builder.rs:10:5
   |
10 |     AggregateFnCall, Column, ColumnAlias, Literal, Operator, OperatorApplication, PropertyAccess, RenderExpr, ScalarFnCall, TableAlias,
   |     ^^^^^^^^^^^^^^^

warning: unused import: `map_property_to_column_with_schema`
  --> src\render_plan\plan_builder.rs:17:60
   |
17 | use super::cte_generation::{analyze_property_requirements, map_property_to_column_with_schema, extract_var_len_properties};
   |                                                            ^^^^^^^^^^^^^^^^^^^^^^^^^^^^^^^^^^

warning: unused imports: `CategorizedFilters`, `extract_start_end_filters`, `filter_expr_to_sql`, `render_end_filter_to_column_alias`, 
`rewrite_end_filters_for_variable_length_cte`, and `rewrite_expr_for_outer_query`
  --> src\render_plan\plan_builder.rs:19:50
   |
19 |     categorize_filters, clean_last_node_filters, extract_start_end_filters, filter_expr_to_sql,
   |                                                  ^^^^^^^^^^^^^^^^^^^^^^^^^  ^^^^^^^^^^^^^^^^^^
20 |     render_end_filter_to_column_alias, rewrite_end_filters_for_variable_length_cte,
   |     ^^^^^^^^^^^^^^^^^^^^^^^^^^^^^^^^^  ^^^^^^^^^^^^^^^^^^^^^^^^^^^^^^^^^^^^^^^^^^^
21 |     rewrite_expr_for_outer_query, rewrite_expr_for_var_len_cte, CategorizedFilters,
   |     ^^^^^^^^^^^^^^^^^^^^^^^^^^^^                                ^^^^^^^^^^^^^^^^^^

warning: unused import: `ToSql as RenderPlanToSql`
 --> src\clickhouse_query_generator\mod.rs:2:31
  |
2 |     render_plan::{RenderPlan, ToSql as RenderPlanToSql},
  |                               ^^^^^^^^^^^^^^^^^^^^^^^^

warning: unused doc comment
  --> src\clickhouse_query_generator\function_registry.rs:25:1
   |
25 | /// Static function mapping table
   | ^^^^^^^^^^^^^^^^^^^^^^^^^^^^^^^^^ rustdoc does not generate documentation for macro invocations
   |
   = help: to document an item produced by a macro, the macro must produce the documentation as part of its expansion
   = note: `#[warn(unused_doc_comments)]` on by default

warning: unused imports: `AggregateFnCall`, `InSubquery`, `LogicalCase`, `OperatorApplication`, `PropertyAccess`, and `ScalarFnCall`
 --> src\clickhouse_query_generator\to_sql.rs:4:74
  |
4 | ..., Literal, Operator, OperatorApplication, AggregateFnCall, ScalarFnCall, PropertyAccess, LogicalCase, InSubquery};
  |                         ^^^^^^^^^^^^^^^^^^^  ^^^^^^^^^^^^^^^  ^^^^^^^^^^^^  ^^^^^^^^^^^^^^  ^^^^^^^^^^^  ^^^^^^^^^^

warning: unused import: `std::sync::Arc`
 --> src\clickhouse_query_generator\view_scan.rs:6:5
  |
6 | use std::sync::Arc;
  |     ^^^^^^^^^^^^^^

warning: unused import: `logical_expr::LogicalExpr`
 --> src\clickhouse_query_generator\view_scan.rs:9:5
  |
9 |     logical_expr::LogicalExpr,
  |     ^^^^^^^^^^^^^^^^^^^^^^^^^

warning: unused import: `cut`
  --> src\open_cypher_parser\mod.rs:10:23
   |
10 | use nom::combinator::{cut, opt};
   |                       ^^^

warning: unused import: `nom::error::context`
  --> src\open_cypher_parser\mod.rs:11:5
   |
11 | use nom::error::context;
   |     ^^^^^^^^^^^^^^^^^^^

warning: unused import: `nom::sequence::terminated`
  --> src\open_cypher_parser\mod.rs:13:5
   |
13 | use nom::sequence::terminated;
   |     ^^^^^^^^^^^^^^^^^^^^^^^^^

warning: unused import: `tuple`
  --> src\open_cypher_parser\call_clause.rs:10:32
   |
10 | use nom::sequence::{delimited, tuple};
   |                                ^^^^^

warning: unused imports: `Expression` and `Literal`
  --> src\open_cypher_parser\call_clause.rs:81:42
   |
81 |     use crate::open_cypher_parser::ast::{Expression, Literal};
   |                                          ^^^^^^^^^^  ^^^^^^^

warning: unused import: `tuple`
  --> src\open_cypher_parser\path_pattern.rs:16:43
   |
16 |     sequence::{delimited, separated_pair, tuple},
   |                                           ^^^^^

warning: unused import: `simple_test_handler`
 --> src\server\mod.rs:6:45
  |
6 | use handlers::{query_handler, health_check, simple_test_handler, list_schemas_handler, load_schema_handler};
  |                                             ^^^^^^^^^^^^^^^^^^^

warning: unused import: `tokio::signal`
  --> src\server\mod.rs:14:5
   |
14 | use tokio::signal;
   |     ^^^^^^^^^^^^^

warning: unused import: `config::GraphSchemaConfig`
  --> src\server\mod.rs:18:5
   |
18 |     config::GraphSchemaConfig,
   |     ^^^^^^^^^^^^^^^^^^^^^^^^^

warning: unused import: `crate::server::graph_catalog::SchemaSource`
  --> src\server\mod.rs:20:5
   |
20 | use crate::server::graph_catalog::SchemaSource;
   |     ^^^^^^^^^^^^^^^^^^^^^^^^^^^^^^^^^^^^^^^^^^

warning: unused imports: `CliConfig` and `ConfigError`
  --> src\server\mod.rs:22:35
   |
22 | use crate::config::{ServerConfig, CliConfig, ConfigError};
   |                                   ^^^^^^^^^  ^^^^^^^^^^^

warning: unused import: `Mutex`
  --> src\server\bolt_protocol\mod.rs:12:22
   |
12 | use std::sync::{Arc, Mutex};
   |                      ^^^^^

warning: use of deprecated function `nom::sequence::tuple`: `Parser` is directly implemented for tuples
  --> src\open_cypher_parser\call_clause.rs:10:32
   |
10 | use nom::sequence::{delimited, tuple};
   |                                ^^^^^
   |
   = note: `#[warn(deprecated)]` on by default

warning: use of deprecated function `nom::sequence::tuple`: `Parser` is directly implemented for tuples
  --> src\open_cypher_parser\path_pattern.rs:16:43
   |
16 |     sequence::{delimited, separated_pair, tuple},
   |                                           ^^^^^

warning: variable does not need to be mutable
   --> src\server\handlers.rs:424:21
    |
424 |                 let mut sql_response = Json(SqlOnlyResponse {
    |                     ----^^^^^^^^^^^^
    |                     |
    |                     help: remove this `mut`
    |
    = note: `#[warn(unused_mut)]` on by default

warning: unused variable: `schema_source`
   --> src\server\mod.rs:109:9
    |
109 |     let schema_source = match graph_catalog::initialize_global_schema(client_opt.clone(), config.validate_schema).await {
    |         ^^^^^^^^^^^^^ help: if this is intentional, prefix it with an underscore: `_schema_source`
    |
    = note: `#[warn(unused_variables)]` on by default

warning: unused import: `super::to_sql::ToSql`
  --> src\clickhouse_query_generator\to_sql_query.rs:16:5
   |
16 | use super::to_sql::ToSql as LogicalToSql;
   |     ^^^^^^^^^^^^^^^^^^^^

warning: unreachable pattern
  --> src\query_planner\analyzer\filter_tagging.rs:64:13
   |
49 |             LogicalPlan::Empty => Transformed::No(logical_plan.clone()),
   |             ------------------ matches all the relevant values
...
64 |             LogicalPlan::Empty => Transformed::No(logical_plan.clone()),
   |             ^^^^^^^^^^^^^^^^^^ no value can reach this
   |
   = note: `#[warn(unreachable_patterns)]` on by default

warning: variable does not need to be mutable
   --> src\query_planner\analyzer\filter_tagging.rs:273:31
    |
273 |             LogicalExpr::List(mut list) => {
    |                               ----^^^^
    |                               |
    |                               help: remove this `mut`

warning: unused variable: `graph_node`
   --> src\query_planner\analyzer\graph_join_inference.rs:140:36
    |
140 |             LogicalPlan::GraphNode(graph_node) => {
    |                                    ^^^^^^^^^^ help: if this is intentional, prefix it with an underscore: `_graph_node`

warning: variable does not need to be mutable
   --> src\query_planner\logical_plan\match_clause.rs:645:5
    |
645 |     mut plan: Arc<LogicalPlan>,
    |     ----^^^^
    |     |
    |     help: remove this `mut`

warning: unused variable: `current_graph_schema`
  --> src\query_planner\mod.rs:63:5
   |
63 |     current_graph_schema: &GraphSchema,
   |     ^^^^^^^^^^^^^^^^^^^^ help: if this is intentional, prefix it with an underscore: `_current_graph_schema`

warning: unused variable: `alias`
   --> src\render_plan\filter_pipeline.rs:346:32
    |
346 |         RenderExpr::TableAlias(alias) => {
    |                                ^^^^^ help: if this is intentional, prefix it with an underscore: `_alias`

warning: unused variable: `prop`
   --> src\render_plan\plan_builder_helpers.rs:379:39
    |
379 |         RenderExpr::PropertyAccessExp(prop) => {
    |                                       ^^^^ help: if this is intentional, prefix it with an underscore: `_prop`

warning: variable does not need to be mutable
    --> src\render_plan\plan_builder.rs:1915:13
     |
1915 |         let mut final_from = self.extract_from()?;
     |             ----^^^^^^^^^^
     |             |
     |             help: remove this `mut`

warning: unused variable: `source_table`
    --> src\render_plan\plan_builder.rs:2229:25
     |
2229 |                     let source_table = get_node_table_for_alias(&source_alias);
     |                         ^^^^^^^^^^^^ help: if this is intentional, prefix it with an underscore: `_source_table`

warning: unused variable: `node_table`
   --> src\clickhouse_query_generator\pagerank.rs:167:39
    |
167 |     fn generate_iterations_sql(&self, node_table: &str, id_column: &str) -> Result<String, ClickhouseQueryGeneratorError> {
    |                                       ^^^^^^^^^^ help: if this is intentional, prefix it with an underscore: `_node_table`

warning: unused variable: `id_column`
   --> src\clickhouse_query_generator\pagerank.rs:167:57
    |
167 |     fn generate_iterations_sql(&self, node_table: &str, id_column: &str) -> Result<String, ClickhouseQueryGeneratorError> {
    |                                                         ^^^^^^^^^ help: if this is intentional, prefix it with an underscore: `_id_column`

warning: unused variable: `plan`
  --> src\clickhouse_query_generator\view_scan.rs:14:41
   |
14 | pub fn build_view_scan(scan: &ViewScan, plan: &LogicalPlan) -> String {
   |                                         ^^^^ help: if this is intentional, prefix it with an underscore: `_plan`

warning: variable does not need to be mutable
   --> src\server\bolt_protocol\connection.rs:263:13
    |
263 |         let mut cursor = bytes.clone();
    |             ----^^^^^^
    |             |
    |             help: remove this `mut`

warning: unused variable: `connection`
   --> src\server\bolt_protocol\connection.rs:478:13
    |
478 |         let connection = BoltConnection::new(stream, context, config, clickhouse_client);
    |             ^^^^^^^^^^ help: if this is intentional, prefix it with an underscore: `_connection`

warning: methods `validate_table_exists`, `validate_column_exists`, and `get_column_type` are never used
   --> src\graph_catalog\graph_schema.rs:94:8
    |
 66 | impl GraphSchema {
    | ---------------- methods in this implementation
...
 94 |     fn validate_table_exists(&self, _table: &str) -> Result<(), GraphSchemaError> {
    |        ^^^^^^^^^^^^^^^^^^^^^
...
100 |     fn validate_column_exists(&self, _table: &str, _column: &str) -> Result<(), GraphSchemaError> {
    |        ^^^^^^^^^^^^^^^^^^^^^^
...
106 |     fn get_column_type(&self, _table: &str, _column: &str) -> Result<String, GraphSchemaError> {
    |        ^^^^^^^^^^^^^^^
    |
    = note: `#[warn(dead_code)]` on by default

warning: field `client` is never read
  --> src\graph_catalog\schema_validator.rs:53:5
   |
52 | pub struct SchemaValidator {
   |            --------------- field in this struct
53 |     client: Client,
   |     ^^^^^^

warning: methods `get_table_columns`, `validate_column_exists`, and `validate_id_column` are never used
   --> src\graph_catalog\schema_validator.rs:67:14
    |
 58 | impl SchemaValidator {
    | -------------------- methods in this implementation
...
 67 |     async fn get_table_columns(&mut self, table: &str) -> Result<Vec<ColumnInfo>, GraphSchemaError> {
    |              ^^^^^^^^^^^^^^^^^
...
 97 |     fn validate_column_exists(
    |        ^^^^^^^^^^^^^^^^^^^^^^
...
113 |     fn validate_id_column(
    |        ^^^^^^^^^^^^^^^^^^

warning: associated function `convert_prop_acc_to_column` is never used
   --> src\query_planner\analyzer\filter_tagging.rs:374:8
    |
184 | impl FilterTagging {
    | ------------------ associated function in this implementation
...
374 |     fn convert_prop_acc_to_column(expr: LogicalExpr) -> LogicalExpr {
    |        ^^^^^^^^^^^^^^^^^^^^^^^^^^

warning: field `schema` is never read
  --> src\query_planner\analyzer\graph_context.rs:24:9
   |
19 | pub struct GraphContext<'a> {
   |            ------------ field in this struct
...
24 |     pub schema: &'a GraphSchema,
   |         ^^^^^^
   |
   = note: `GraphContext` has derived impls for the traits `Clone` and `Debug`, but these are intentionally ignored during dead code analysis

warning: methods `get_node_schema` and `get_relationship_schema` are never used
  --> src\query_planner\analyzer\graph_context.rs:29:12
   |
27 | impl<'a> GraphContext<'a> {
   | ------------------------- methods in this implementation
28 |     /// Get schema for a node table
29 |     pub fn get_node_schema(&self, table_name: &str) -> Option<&'a NodeSchema> {
   |            ^^^^^^^^^^^^^^^
...
34 |     pub fn get_relationship_schema(&self, table_name: &str) -> Option<&'a RelationshipSchema> {
   |            ^^^^^^^^^^^^^^^^^^^^^^^

warning: fields `start_cypher_alias` and `end_cypher_alias` are never read
  --> src\render_plan\cte_generation.rs:19:5
   |
11 | pub struct CteGenerationContext {
   |            -------------------- fields in this struct
...
19 |     start_cypher_alias: Option<String>,
   |     ^^^^^^^^^^^^^^^^^^
20 |     end_cypher_alias: Option<String>,
   |     ^^^^^^^^^^^^^^^^
   |
   = note: `CteGenerationContext` has derived impls for the traits `Clone` and `Debug`, but these are intentionally ignored during dead code analysis

warning: multiple associated items are never used
   --> src\render_plan\cte_generation.rs:39:19
    |
 38 | impl CteGenerationContext {
    | ------------------------- associated items in this implementation
 39 |     pub(crate) fn new() -> Self {
    |                   ^^^
...
 58 |     pub(crate) fn get_properties(&self, left_alias: &str, right_alias: &str) -> Vec<NodeProperty> {
    |                   ^^^^^^^^^^^^^^
...
 72 |     pub(crate) fn set_properties(&mut self, left_alias: &str, right_alias: &str, properties: Vec<NodeProperty>) {
    |                   ^^^^^^^^^^^^^^
...
 77 |     pub(crate) fn get_filter(&self) -> Option<&RenderExpr> {
    |                   ^^^^^^^^^^
...
 89 |     pub(crate) fn set_filter(&mut self, filter: RenderExpr) {
    |                   ^^^^^^^^^^
...
105 |     pub(crate) fn set_end_filters_for_outer_query(&mut self, filters: RenderExpr) {
    |                   ^^^^^^^^^^^^^^^^^^^^^^^^^^^^^^^
...
109 |     pub(crate) fn get_start_cypher_alias(&self) -> Option<&str> {
    |                   ^^^^^^^^^^^^^^^^^^^^^^
...
114 |     pub(crate) fn with_start_cypher_alias(mut self, alias: String) -> Self {
    |                   ^^^^^^^^^^^^^^^^^^^^^^^
...
121 |     pub(crate) fn set_start_cypher_alias(&mut self, alias: String) {
    |                   ^^^^^^^^^^^^^^^^^^^^^^
...
125 |     pub(crate) fn get_end_cypher_alias(&self) -> Option<&str> {
    |                   ^^^^^^^^^^^^^^^^^^^^
...
130 |     pub(crate) fn with_end_cypher_alias(mut self, alias: String) -> Self {
    |                   ^^^^^^^^^^^^^^^^^^^^^
...
137 |     pub(crate) fn set_end_cypher_alias(&mut self, alias: String) {
    |                   ^^^^^^^^^^^^^^^^^^^^

warning: function `extract_node_label_from_plan` is never used
   --> src\render_plan\cte_generation.rs:151:4
    |
151 | fn extract_node_label_from_plan(plan: &LogicalPlan) -> String {
    |    ^^^^^^^^^^^^^^^^^^^^^^^^^^^^

warning: function `extract_start_end_filters` is never used
   --> src\render_plan\filter_pipeline.rs:151:8
    |
151 | pub fn extract_start_end_filters(
    |        ^^^^^^^^^^^^^^^^^^^^^^^^^

warning: function `filter_expr_to_sql` is never used
   --> src\render_plan\filter_pipeline.rs:202:8
    |
202 | pub fn filter_expr_to_sql(expr: &RenderExpr, alias: &str, prefix: &str) -> String {
    |        ^^^^^^^^^^^^^^^^^^

warning: function `render_end_filter_to_column_alias` is never used
   --> src\render_plan\filter_pipeline.rs:227:8
    |
227 | pub fn render_end_filter_to_column_alias(
    |        ^^^^^^^^^^^^^^^^^^^^^^^^^^^^^^^^^

warning: function `rewrite_end_filters_for_variable_length_cte` is never used
   --> src\render_plan\filter_pipeline.rs:317:8
    |
317 | pub fn rewrite_end_filters_for_variable_length_cte(
    |        ^^^^^^^^^^^^^^^^^^^^^^^^^^^^^^^^^^^^^^^^^^^

warning: function `rewrite_expr_for_outer_query` is never used
   --> src\render_plan\filter_pipeline.rs:438:8
    |
438 | pub fn rewrite_expr_for_outer_query(
    |        ^^^^^^^^^^^^^^^^^^^^^^^^^^^^

warning: function `extract_node_alias` is never used
  --> src\render_plan\cte_extraction.rs:28:4
   |
28 | fn extract_node_alias(plan: &LogicalPlan) -> Option<String> {
   |    ^^^^^^^^^^^^^^^^^^

warning: function `extract_table_name` is never used
  --> src\render_plan\cte_extraction.rs:39:4
   |
39 | fn extract_table_name(plan: &LogicalPlan) -> Option<String> {
   |    ^^^^^^^^^^^^^^^^^^

warning: function `table_to_id_column_for_label` is never used
   --> src\render_plan\cte_extraction.rs:316:4
    |
316 | fn table_to_id_column_for_label(label: &str) -> String {
    |    ^^^^^^^^^^^^^^^^^^^^^^^^^^^^

warning: function `get_relationship_columns_from_schema` is never used
   --> src\render_plan\cte_extraction.rs:321:4
    |
321 | fn get_relationship_columns_from_schema(rel_type: &str) -> Option<(String, String)> {
    |    ^^^^^^^^^^^^^^^^^^^^^^^^^^^^^^^^^^^^

warning: function `get_node_info_from_schema` is never used
   --> src\render_plan\cte_extraction.rs:334:4
    |
334 | fn get_node_info_from_schema(node_label: &str) -> Option<(String, String)> {
    |    ^^^^^^^^^^^^^^^^^^^^^^^^^

warning: function `render_expr_to_sql_string` is never used
  --> src\render_plan\plan_builder_helpers.rs:61:15
   |
61 | pub(super) fn render_expr_to_sql_string(expr: &RenderExpr, alias_mapping: &[(String, String)]) -> String {
   |               ^^^^^^^^^^^^^^^^^^^^^^^^^

warning: function `has_multiple_relationships` is never used
   --> src\render_plan\plan_builder_helpers.rs:135:15
    |
135 | pub(super) fn has_multiple_relationships(plan: &LogicalPlan) -> bool {
    |               ^^^^^^^^^^^^^^^^^^^^^^^^^^

warning: function `get_multiple_rel_info` is never used
   --> src\render_plan\plan_builder_helpers.rs:153:15
    |
153 | pub(super) fn get_multiple_rel_info(plan: &LogicalPlan) -> Option<(String, String, String)> {
    |               ^^^^^^^^^^^^^^^^^^^^^

warning: function `references_end_node_alias` is never used
   --> src\render_plan\plan_builder_helpers.rs:293:15
    |
293 | pub(super) fn references_end_node_alias(condition: &OperatorApplication, connections: &[(String, String, String)]) -> bool {
    |               ^^^^^^^^^^^^^^^^^^^^^^^^^

warning: function `references_node_alias` is never used
   --> src\render_plan\plan_builder_helpers.rs:310:15
    |
310 | pub(super) fn references_node_alias(condition: &OperatorApplication, node_alias: &str) -> bool {
    |               ^^^^^^^^^^^^^^^^^^^^^

warning: function `rewrite_path_functions` is never used
   --> src\render_plan\plan_builder_helpers.rs:323:15
    |
323 | pub(super) fn rewrite_path_functions(expr: &RenderExpr, path_var_name: &str) -> RenderExpr {
    |               ^^^^^^^^^^^^^^^^^^^^^^

warning: function `get_relationship_columns_from_schema` is never used
   --> src\render_plan\plan_builder_helpers.rs:450:15
    |
450 | pub(super) fn get_relationship_columns_from_schema(rel_type: &str) -> Option<(String, String)> {
    |               ^^^^^^^^^^^^^^^^^^^^^^^^^^^^^^^^^^^^

warning: function `get_relationship_columns_by_table` is never used
   --> src\render_plan\plan_builder_helpers.rs:468:15
    |
468 | pub(super) fn get_relationship_columns_by_table(table_name: &str) -> Option<(String, String)> {
    |               ^^^^^^^^^^^^^^^^^^^^^^^^^^^^^^^^^

warning: function `get_node_info_from_schema` is never used
   --> src\render_plan\plan_builder_helpers.rs:489:15
    |
489 | pub(super) fn get_node_info_from_schema(node_label: &str) -> Option<(String, String)> {
    |               ^^^^^^^^^^^^^^^^^^^^^^^^^

warning: function `render_expr_to_sql_for_cte` is never used
   --> src\render_plan\plan_builder_helpers.rs:531:15
    |
531 | pub(super) fn render_expr_to_sql_for_cte(
    |               ^^^^^^^^^^^^^^^^^^^^^^^^^^

warning: method `extract_ctes` is never used
  --> src\render_plan\plan_builder.rs:40:8
   |
35 | pub(crate) trait RenderPlanBuilder {
   |                  ----------------- method in this trait
...
40 |     fn extract_ctes(&self, last_node_alias: &str) -> RenderPlanBuilderResult<Vec<Cte>>;
   |        ^^^^^^^^^^^^

warning: function `plan_to_string` is never used
    --> src\render_plan\plan_builder.rs:2410:4
     |
2410 | fn plan_to_string(plan: &LogicalPlan, depth: usize) -> String {
     |    ^^^^^^^^^^^^^^

warning: function `plan_type_name` is never used
    --> src\render_plan\plan_builder.rs:2424:4
     |
2424 | fn plan_type_name(plan: &LogicalPlan) -> &'static str {
     |    ^^^^^^^^^^^^^^

warning: function `plan_contains_view_scan` is never used
    --> src\render_plan\plan_builder.rs:2444:4
     |
2444 | fn plan_contains_view_scan(plan: &LogicalPlan) -> bool {
     |    ^^^^^^^^^^^^^^^^^^^^^^^

warning: function `get_node_label_for_alias` is never used
    --> src\render_plan\plan_builder.rs:2496:4
     |
2496 | fn get_node_label_for_alias(alias: &str, plan: &LogicalPlan) -> Option<String> {
     |    ^^^^^^^^^^^^^^^^^^^^^^^^

warning: function `get_literal_to_string` is never used
 --> src\clickhouse_query_generator\common.rs:3:8
  |
3 | pub fn get_literal_to_string(literal: &Literal) -> String {
  |        ^^^^^^^^^^^^^^^^^^^^^

warning: field `neo4j_name` is never read
  --> src\clickhouse_query_generator\function_registry.rs:11:9
   |
 9 | pub struct FunctionMapping {
   |            --------------- field in this struct
10 |     /// Neo4j function name (lowercase for lookup)
11 |     pub neo4j_name: &'static str,
   |         ^^^^^^^^^^
   |
   = note: `FunctionMapping` has a derived impl for the trait `Clone`, but this is intentionally ignored during dead code analysis

warning: function `build_view_scan` is never used
  --> src\clickhouse_query_generator\view_scan.rs:14:8
   |
14 | pub fn build_view_scan(scan: &ViewScan, plan: &LogicalPlan) -> String {
   |        ^^^^^^^^^^^^^^^

warning: function `parse_relationship_internals` is never used
   --> src\open_cypher_parser\path_pattern.rs:315:4
    |
315 | fn parse_relationship_internals(
    |    ^^^^^^^^^^^^^^^^^^^^^^^^^^^^

warning: function `parse_relationship_internals_with_var_len` is never used
   --> src\open_cypher_parser\path_pattern.rs:349:4
    |
349 | fn parse_relationship_internals_with_var_len(
    |    ^^^^^^^^^^^^^^^^^^^^^^^^^^^^^^^^^^^^^^^^^

warning: constant `DEFAULT_MAX_MESSAGE_SIZE` is never used
  --> src\server\bolt_protocol\connection.rs:25:7
   |
25 | const DEFAULT_MAX_MESSAGE_SIZE: usize = 65536;
   |       ^^^^^^^^^^^^^^^^^^^^^^^^

warning: function `get_client` is never used
  --> src\server\clickhouse_client.rs:27:8
   |
27 | pub fn get_client() -> Client {
   |        ^^^^^^^^^^

warning: `clickgraph` (lib test) generated 94 warnings (run `cargo fix --lib -p clickgraph --tests` to apply 38 suggestions)
    Finished `test` profile [unoptimized + debuginfo] target(s) in 8.61s
     Running unittests src\lib.rs (target\debug\deps\clickgraph-745a12c9e6313bf5.exe)

running 407 tests
test clickhouse_query_generator::pagerank::tests::test_pagerank_config_defaults ... ok
test clickhouse_query_generator::pagerank::tests::test_pagerank_sql_generation ... ok
test clickhouse_query_generator::function_registry::tests::test_unsupported_function ... ok
test clickhouse_query_generator::function_translator::tests::test_is_function_supported ... ok
test clickhouse_query_generator::function_registry::tests::test_string_functions ... ok
test clickhouse_query_generator::function_registry::tests::test_datetime_functions ... ok
test clickhouse_query_generator::function_registry::tests::test_math_functions ... ok
test clickhouse_query_generator::function_translator::tests::test_get_supported_functions ... ok
test clickhouse_query_generator::function_registry::tests::test_arg_transformations ... ok
test clickhouse_query_generator::variable_length_cte::tests::test_fixed_length_spec ... ok
test graph_catalog::testing::mock_clickhouse::tests::test_create_test_table_schemas ... ok
test config::tests::test_default_config ... ok
test clickhouse_query_generator::variable_length_cte::tests::test_variable_length_cte_generation ... ok
test clickhouse_query_generator::where_clause_tests::where_clause_tests::test_start_node_filter_in_base_case ... ok
test clickhouse_query_generator::function_translator::tests::test_translate_function_with_transformation ... ok
test clickhouse_query_generator::function_translator::tests::test_translate_math_function ... ok
test clickhouse_query_generator::function_translator::tests::test_translate_simple_function ... ok
test clickhouse_query_generator::variable_length_cte::chained_join_tests::test_chained_join_2_hops ... ok
test clickhouse_query_generator::where_clause_tests::where_clause_tests::test_no_filters_simple_structure ... ok
test clickhouse_query_generator::function_translator::tests::test_unsupported_function_passthrough ... ok
test clickhouse_query_generator::variable_length_cte::chained_join_tests::test_chained_join_3_hops ... ok
test clickhouse_query_generator::where_clause_tests::where_clause_tests::test_both_start_and_end_filters ... ok
test clickhouse_query_generator::where_clause_tests::where_clause_tests::test_end_node_filter_in_outer_cte ... ok
test config::tests::test_empty_host ... ok
test config::tests::test_invalid_port_range ... ok
test open_cypher_parser::call_clause::tests::test_parse_call_clause_simple ... ok
test config::tests::test_invalid_cte_depth ... ok
test clickhouse_query_generator::variable_length_cte::chained_join_tests::test_chained_join_with_properties ... ok
test graph_catalog::schema_validator::tests::tests::test_create_schema_validator ... ok
test clickhouse_query_generator::variable_length_cte::tests::test_unbounded_variable_length ... ok
test graph_catalog::schema_validator::tests::tests::test_table_schemas ... ok
test open_cypher_parser::common::tests::test_parse_alphanumeric_with_underscore ... ok
test open_cypher_parser::common::tests::test_parse_alphanumeric_with_underscore_dot_star ... ok
test open_cypher_parser::common::tests::test_ws ... ok
test open_cypher_parser::call_clause::tests::test_parse_call_clause_with_args ... ok
test open_cypher_parser::call_clause::tests::test_parse_call_clause_with_arrow_syntax ... ok
test open_cypher_parser::create_clause::tests::test_parse_create_clause_missing_pattern ... ok
test open_cypher_parser::create_clause::tests::test_parse_create_clause_multiple_patterns ... ok
test open_cypher_parser::create_clause::tests::test_parse_create_clause_single_pattern ... ok
test open_cypher_parser::create_clause::tests::test_parse_create_clause_wrong_keyword ... ok
test open_cypher_parser::delete_clause::tests::test_parse_delete_clause_error_no_items ... ok
test open_cypher_parser::delete_clause::tests::test_parse_delete_clause_multiple_items_with_spaces ... ok
test open_cypher_parser::delete_clause::tests::test_parse_delete_clause_simple ... ok
test open_cypher_parser::delete_clause::tests::test_parse_delete_clause_wrong_keyword ... ok
test open_cypher_parser::delete_clause::tests::test_parse_delete_clause_with_detach ... ok
test open_cypher_parser::expression::tests::test_parse_binary_expression_addition ... ok
test open_cypher_parser::expression::tests::test_parse_function_cal_count ... ok
test open_cypher_parser::expression::tests::test_parse_expression_fn_call_expression ... ok
test open_cypher_parser::expression::tests::test_parse_function_call ... ok
test open_cypher_parser::expression::tests::test_parse_list_literal ... ok
test open_cypher_parser::expression::tests::test_parse_logical_and ... ok
test open_cypher_parser::expression::tests::test_parse_postfix_expression_is_not_null ... ok
test open_cypher_parser::expression::tests::test_parse_operator_symbols ... ok
test open_cypher_parser::expression::tests::test_parse_logical_or ... ok
test open_cypher_parser::expression::tests::test_parse_postfix_expression_is_null ... ok
test open_cypher_parser::expression::tests::test_parse_property_access ... ok
test open_cypher_parser::limit_clause::tests::test_parse_limit_clause_invalid_non_integer ... ok
test open_cypher_parser::limit_clause::tests::test_parse_limit_clause_invalid_float ... ok
test open_cypher_parser::expression::tests::test_parse_unary_expression_not ... ok
test open_cypher_parser::limit_clause::tests::test_parse_limit_clause_valid ... ok
test open_cypher_parser::limit_clause::tests::test_parse_limit_clause_valid_with_whitespace_and_lowercase ... ok
test open_cypher_parser::match_clause::tests::test_parse_match_clause_missing_match_keyword ... ok
test open_cypher_parser::match_clause::tests::test_parse_match_clause_invalid_pattern ... ok
test open_cypher_parser::match_clause::tests::test_parse_match_clause_multiple_patterns ... ok
test open_cypher_parser::match_clause::tests::test_parse_match_clause_single_pattern ... ok
test open_cypher_parser::match_clause::tests::test_parse_match_clause_with_path_variable ... ok
test open_cypher_parser::match_clause::tests::test_parse_match_clause_without_path_variable ... ok
test open_cypher_parser::match_clause::tests::test_parse_match_clause_with_path_variable_shortestpath ... ok
test open_cypher_parser::optional_match_clause::tests::test_optional_match_requires_optional_keyword ... ok
test open_cypher_parser::optional_match_clause::tests::test_optional_match_requires_whitespace ... ok
test open_cypher_parser::optional_match_clause::tests::test_optional_match_case_insensitive ... ok
test open_cypher_parser::optional_match_clause::tests::test_optional_match_variable_length_path ... ok
test open_cypher_parser::optional_match_clause::tests::test_parse_optional_match_clause_multiple_patterns ... ok
test open_cypher_parser::optional_match_clause::tests::test_parse_optional_match_clause_named_node ... ok
test open_cypher_parser::optional_match_clause::tests::test_parse_optional_match_clause_single_pattern ... ok
test open_cypher_parser::optional_match_clause::tests::test_parse_optional_match_clause_relationship ... ok
test open_cypher_parser::optional_match_clause::tests::test_parse_optional_match_clause_with_where ... ok
test open_cypher_parser::order_by_clause::tests::test_parse_order_by_clause_missing_keyword ... ok
test open_cypher_parser::order_by_clause::tests::test_parse_order_by_clause_multiple_items ... ok
test open_cypher_parser::order_by_clause::tests::test_parse_order_by_clause_single_item ... ok
test open_cypher_parser::order_by_clause::tests::test_parse_order_by_clause_with_extra_whitespace ... ok
test open_cypher_parser::order_by_clause::tests::test_parse_order_by_item_default_order ... ok
test open_cypher_parser::order_by_clause::tests::test_parse_order_by_item_with_asc ... ok
test open_cypher_parser::order_by_clause::tests::test_parse_order_by_item_with_desc ... ok
test open_cypher_parser::path_pattern::tests::test_invalid_range_min_greater_than_max ... ok
test open_cypher_parser::path_pattern::tests::test_invalid_range_with_zero_max ... ok
test open_cypher_parser::path_pattern::tests::test_parse_all_shortest_paths ... ok
test open_cypher_parser::path_pattern::tests::test_parse_path_pattern_connected_multiple_relationships ... ok
test open_cypher_parser::path_pattern::tests::test_parse_path_pattern_connected_single_relationship ... ok
test open_cypher_parser::path_pattern::tests::test_parse_path_pattern_multiple_patterns ... ok
test open_cypher_parser::path_pattern::tests::test_parse_path_pattern_placeholder_error ... ok
test open_cypher_parser::path_pattern::tests::test_parse_path_pattern_multiple_relationship_labels ... ok
test open_cypher_parser::path_pattern::tests::test_invalid_range_with_zero_min ... ok
test open_cypher_parser::path_pattern::tests::test_parse_path_pattern_connected_multiple_relationships_props_and_labels ... ok
test open_cypher_parser::path_pattern::tests::test_parse_path_pattern_single_node ... ok
test open_cypher_parser::path_pattern::tests::test_parse_regular_pattern_not_shortest_path ... ok
test open_cypher_parser::path_pattern::tests::test_parse_shortest_path_directed ... ok
test open_cypher_parser::path_pattern::tests::test_parse_shortest_path_simple ... ok
test open_cypher_parser::path_pattern::tests::test_parse_shortest_path_with_relationship_type ... ok
test open_cypher_parser::path_pattern::tests::test_parse_shortest_path_with_whitespace ... ok
test open_cypher_parser::path_pattern::tests::test_variable_length_spec_validation_direct ... ok
test open_cypher_parser::path_pattern::tests::test_valid_variable_length_patterns ... ok
test open_cypher_parser::remove_clause::tests::test_parse_remove_clause_extra_whitespace ... ok
test open_cypher_parser::remove_clause::tests::test_parse_remove_clause_invalid_item ... ok
test open_cypher_parser::remove_clause::tests::test_parse_remove_clause_multiple_items ... ok
test open_cypher_parser::remove_clause::tests::test_parse_remove_clause_single_item ... ok
test open_cypher_parser::return_clause::tests::test_parse_return_clause_missing_return_keyword ... ok
test open_cypher_parser::return_clause::tests::test_parse_return_clause_extra_whitespace ... ok
test open_cypher_parser::return_clause::tests::test_parse_return_clause_multiple_items ... ok
test open_cypher_parser::return_clause::tests::test_parse_return_clause_single_item ... ok
test open_cypher_parser::return_clause::tests::test_parse_return_item_no_alias ... ok
test open_cypher_parser::return_clause::tests::test_parse_return_item_with_alias ... ok
test open_cypher_parser::set_clause::tests::test_parse_set_clause_extra_whitespace ... ok
test open_cypher_parser::set_clause::tests::test_parse_set_clause_invalid_item ... ok
test open_cypher_parser::set_clause::tests::test_parse_set_clause_multiple_items ... ok
test open_cypher_parser::set_clause::tests::test_parse_set_clause_single_item ... ok
test open_cypher_parser::skip_clause::tests::test_parse_skip_clause_invalid_non_integer ... ok
test open_cypher_parser::skip_clause::tests::test_parse_skip_clause_invalid_float ... ok
test open_cypher_parser::skip_clause::tests::test_parse_skip_clause_missing_expression ... ok
test open_cypher_parser::skip_clause::tests::test_parse_skip_clause_valid ... ok
test open_cypher_parser::skip_clause::tests::test_parse_skip_clause_valid_with_whitespace ... ok
test open_cypher_parser::tests::test_parse_full_delete_query ... ok
test open_cypher_parser::tests::test_parse_full_create_query ... ok
test open_cypher_parser::tests::test_parse_full_logical_operators_query ... ok
test open_cypher_parser::tests::test_parse_full_query ... ok
test open_cypher_parser::tests::test_parse_full_remove_query ... ok
test open_cypher_parser::tests::test_parse_full_query_with_and_or_in_not_in ... ok
test open_cypher_parser::use_clause::tests::test_parse_use_clause_case_insensitive ... ok
test open_cypher_parser::tests::test_parse_partial_query ... ok
test open_cypher_parser::tests::test_parse_full_read_query ... ok
test open_cypher_parser::use_clause::tests::test_parse_use_clause_missing_name ... ok
test open_cypher_parser::tests::test_parse_full_set_query ... ok
test open_cypher_parser::tests::test_parse_full_read_query_person_movie ... ok
test open_cypher_parser::use_clause::tests::test_parse_use_clause_numeric_start ... ok
test open_cypher_parser::use_clause::tests::test_parse_use_clause_simple ... ok
test open_cypher_parser::use_clause::tests::test_parse_use_clause_with_dot ... ok
test open_cypher_parser::use_clause::tests::test_parse_use_clause_with_trailing ... ok
test open_cypher_parser::where_clause::tests::test_parse_where_clause_invalid_condition ... ok
test open_cypher_parser::where_clause::tests::test_parse_where_clause_missing_expression ... ok
test open_cypher_parser::where_clause::tests::test_parse_where_clause_valid ... ok
test open_cypher_parser::where_clause::tests::test_parse_where_clause_valid_extra_whitespace ... ok
test open_cypher_parser::with_clause::tests::test_parse_with_clause_missing_keyword ... ok
test open_cypher_parser::with_clause::tests::test_parse_with_clause_extra_whitespace ... ok
test open_cypher_parser::with_clause::tests::test_parse_with_clause_multiple_items ... ok
test open_cypher_parser::with_clause::tests::test_parse_with_item_no_alias ... ok
test open_cypher_parser::with_clause::tests::test_parse_with_item_with_alias ... ok
test packstream::ser::map::tests::serialize_empty_array ... ok
test packstream::ser::map::tests::serialize_none ... ok
test packstream::ser::map::tests::serialize_nested_map ... ok
test packstream::ser::map::tests::serialize_nested_pair_with_unit ... ok
test packstream::ser::map::tests::serialize_array_of_pair ... ok
test packstream::ser::map::tests::serialize_array_of_two_tuples ... ok
test packstream::ser::map::tests::serialize_map_as_is ... ok
test packstream::ser::map::tests::serialize_pair_with_unit ... ok
test packstream::ser::map::tests::serialize_single_pair ... ok
test packstream::ser::map::tests::serialize_two_doubly_nested_pairs_with_unit ... ok
test packstream::ser::map::tests::serialize_two_nested_pairs_with_unit ... ok
test packstream::ser::map::tests::serialize_two_pairs ... ok
test packstream::ser::map::tests::serialize_two_pairs_with_unit ... ok
test packstream::ser::map::tests::serialize_two_tuples ... ok
test packstream::ser::map::tests::serialize_unit ... ok
test packstream::ser::map::tests::serialize_two_tuples_with_unit ... ok
test packstream::tests::boolean::false_value ... ok
test packstream::tests::boolean::true_value ... ok
test packstream::tests::bytes::_123 ... ok
test packstream::tests::bytes::empty_bytes ... ok
test packstream::tests::bytes::hell ... ok
test packstream::tests::bytes_parse::empty_bytes ... ok
test packstream::tests::bytes_parse::hell ... ok
test packstream::tests::bytes_parse::o_r ... ok
test packstream::tests::bytes_parse::ust_ ... ok
test packstream::tests::bytes_vec::empty_bytes ... ok
test packstream::tests::bytes_vec::hell ... ok
test packstream::tests::bytes_vec::o_r ... ok
test packstream::tests::bytes_vec::ust_ ... ok
test packstream::tests::dictionary::empty ... ok
test packstream::tests::dictionary::tiny ... ok
test packstream::tests::dictionary_vec::empty ... ok
test packstream::tests::dictionary_duplicates ... ok
test packstream::tests::dictionary::map_8 ... ok
test packstream::tests::dictionary_vec::map_8 ... ok
test packstream::tests::dictionary_vec::tiny ... ok
test packstream::tests::dont_fail_on_wrong_lengths ... ok
test packstream::tests::float::float_f32 ... ok
test packstream::tests::float::float_f64 ... ok
test packstream::tests::int::int_16_i16 ... ok
test packstream::tests::int::int_16_u8 ... ok
test packstream::tests::int::int_32_i32 ... ok
test packstream::tests::int::int_32_u16 ... ok
test packstream::tests::int::int_64_i64 ... ok
test packstream::tests::int::int_64_u32 ... ok
test packstream::tests::int::int_8 ... ok
test packstream::tests::int::neg_int_16 ... ok
test packstream::tests::int::neg_int_32 ... ok
test packstream::tests::int::neg_int_64 ... ok
test packstream::tests::int::neg_tiny_int ... ok
test packstream::tests::int::tiny_int ... ok
test packstream::tests::int_42::int_16 ... ok
test packstream::tests::int_42::int_32 ... ok
test packstream::tests::int_42::int_64 ... ok
test packstream::tests::int_42::int_8 ... ok
test packstream::tests::int_42::tiny_int ... ok
test packstream::tests::list::empty_list ... ok
test packstream::tests::list::list_2 ... ok
test packstream::tests::list::list_3 ... ok
test packstream::tests::null ... ok
test packstream::tests::string::a ... ok
test packstream::tests::string::alphabet ... ok
test packstream::tests::string::emojis ... ok
test packstream::tests::string::empty_string ... ok
test packstream::tests::string::umlauts ... ok
test packstream::tests::string_parse::string_16 ... ok
test packstream::tests::string_parse::string_32 ... ok
test packstream::tests::string_parse::string_8 ... ok
test packstream::tests::string_parse::tiny ... ok
test packstream::tests::structure::int ... ok
test packstream::tests::structure::list ... ok
test packstream::tests::structure::pair ... ok
test packstream::tests::structure::unit ... ok
test packstream::tests::tuple1 ... ok
test packstream::tests::tuple2 ... ok
test packstream::tests::unit ... ok
test query_planner::analyzer::duplicate_scans_removing::tests::test_traversed_set_tracking ... ok
test query_planner::analyzer::duplicate_scans_removing::tests::test_complex_nested_plan_with_duplicates ... ok
test query_planner::analyzer::filter_tagging::tests::test_aggregate_function_not_extracted ... ok
test query_planner::analyzer::filter_tagging::tests::test_and_condition_with_mixed_extractable_filters ... ok
test query_planner::analyzer::filter_tagging::tests::test_get_table_alias_aggregate_function_with_agg_fn_false ... ok
test query_planner::analyzer::filter_tagging::tests::test_complex_nested_logical_plan_traversal ... ok
test query_planner::analyzer::filter_tagging::tests::test_filter_node_removal_when_all_extracted ... ok
test query_planner::analyzer::filter_tagging::tests::test_get_table_alias_aggregate_function_with_agg_fn_true ... ok
test query_planner::analyzer::filter_tagging::tests::test_get_table_alias_literals_only ... ok
test query_planner::analyzer::filter_tagging::tests::test_get_table_alias_mixed_expression_same_table ... ok
test query_planner::analyzer::filter_tagging::tests::test_get_table_alias_operator_application_different_tables ... ok
test query_planner::analyzer::filter_tagging::tests::test_get_table_alias_operator_application_same_table ... ok
test query_planner::analyzer::filter_tagging::tests::test_get_table_alias_scalar_function_different_tables ... ok
test query_planner::analyzer::filter_tagging::tests::test_get_table_alias_scalar_function_same_table ... ok
test query_planner::analyzer::filter_tagging::tests::test_get_table_alias_single_property_access ... ok
test query_planner::analyzer::filter_tagging::tests::test_multi_table_condition_not_extracted ... ok
test query_planner::analyzer::filter_tagging::tests::test_or_condition_single_table_extracted ... ok
test query_planner::analyzer::filter_tagging::tests::test_or_condition_multi_table_not_extracted ... ok
test query_planner::analyzer::filter_tagging::tests::test_orphan_alias_error ... ok
test query_planner::analyzer::filter_tagging::tests::test_relationship_filter_sets_edge_list ... ok
test query_planner::analyzer::graph_join_inference::tests::test_bitmap_traversal ... ignored
test query_planner::analyzer::filter_tagging::tests::test_scalar_function_extraction ... ok
test query_planner::analyzer::filter_tagging::tests::test_single_table_filter_extraction ... ok
test query_planner::analyzer::graph_join_inference::tests::test_no_graph_joins_when_no_graph_rels ... ok
test query_planner::analyzer::graph_join_inference::tests::test_edge_list_different_node_types ... ok
test query_planner::analyzer::graph_join_inference::tests::test_edge_list_same_node_type_outgoing_direction ... ok
test query_planner::analyzer::group_by_building::tests::test_empty_projection_no_groupby ... ok
test query_planner::analyzer::graph_join_inference::tests::test_incoming_direction_edge_list ... ok
test query_planner::analyzer::group_by_building::tests::test_projection_with_mixed_aggregate_and_non_aggregate ... ok
test query_planner::analyzer::graph_join_inference::tests::test_standalone_relationship_edge_list ... ok
test query_planner::analyzer::graph_join_inference::tests::test_complex_nested_plan_with_multiple_graph_rels ... ok
test query_planner::analyzer::group_by_building::tests::test_projection_with_multiple_non_aggregates_and_aggregate ... ok
test query_planner::analyzer::group_by_building::tests::test_projection_with_only_aggregates_no_groupby ... ok
test query_planner::analyzer::group_by_building::tests::test_projection_with_only_non_aggregates_no_groupby ... ok
test query_planner::analyzer::view_resolver_tests::tests::test_basic_structure ... ok
test query_planner::analyzer::view_resolver_tests::tests::test_resolve_node ... ok
test query_planner::analyzer::view_resolver_tests::tests::test_resolve_nonexistent_node ... ok
test query_planner::analyzer::view_resolver_tests::tests::test_resolve_nonexistent_relationship ... ok
test query_planner::analyzer::view_resolver_tests::tests::test_resolve_relationship ... ok
test query_planner::analyzer::view_resolver_tests::tests::test_view_resolver_creation ... ok
test query_planner::logical_expr::tests::test_aggregate_function_classification ... ok
test query_planner::logical_expr::tests::test_connected_pattern_from_ast ... ok
test query_planner::logical_expr::tests::test_direction_reverse ... ok
test query_planner::logical_expr::tests::test_display_implementations ... ok
test query_planner::logical_expr::tests::test_function_call_conversion_aggregate ... ok
test query_planner::logical_expr::tests::test_function_call_conversion_scalar ... ok
test query_planner::logical_expr::tests::test_literal_from_ast ... ok
test query_planner::logical_expr::tests::test_logical_expr_from_expression_list ... ok
test query_planner::logical_expr::tests::test_logical_expr_from_expression_variable ... ok
test query_planner::logical_expr::tests::test_node_pattern_from_ast ... ok
test query_planner::logical_expr::tests::test_operator_application_from_ast ... ok
test query_planner::logical_expr::tests::test_path_pattern_node_from_ast ... ok
test query_planner::logical_expr::tests::test_relationship_pattern_from_ast ... ok
test query_planner::logical_plan::match_clause::tests::test_convert_properties_empty_list ... ok
test query_planner::logical_plan::match_clause::tests::test_convert_properties_to_operator_application ... ok
test query_planner::logical_plan::match_clause::tests::test_convert_properties_with_kv_pairs ... ok
test query_planner::logical_plan::match_clause::tests::test_convert_properties_with_param_returns_error ... ok
test query_planner::logical_plan::match_clause::tests::test_generate_id_uniqueness ... ok
test query_planner::logical_plan::match_clause::tests::test_generate_scan ... ok
test query_planner::logical_plan::match_clause::tests::test_evaluate_match_clause_with_node_and_connected_pattern ... ok
test query_planner::logical_plan::match_clause::tests::test_traverse_connected_pattern_disconnected_error ... ok
test query_planner::logical_plan::match_clause::tests::test_traverse_connected_pattern_new_connection ... ok
test query_planner::logical_plan::match_clause::tests::test_traverse_connected_pattern_with_existing_start_node ... ok
test query_planner::logical_plan::match_clause::tests::test_traverse_node_pattern_empty_node_error ... ok
test query_planner::logical_plan::match_clause::tests::test_traverse_node_pattern_existing_node ... ok
test query_planner::logical_plan::match_clause::tests::test_traverse_node_pattern_new_node ... ok
test query_planner::logical_plan::optional_match_clause::tests::test_evaluate_optional_match_simple_node ... ok
test query_planner::logical_plan::optional_match_clause::tests::test_evaluate_optional_match_with_where ... ok
test query_planner::logical_plan::tests::test_complex_logical_plan_structure ... ok
test query_planner::logical_plan::tests::test_cte_rebuild_or_clone_with_empty_input ... ok
test query_planner::logical_plan::tests::test_filter_rebuild_or_clone_with_transformation ... ok
test query_planner::logical_plan::tests::test_filter_rebuild_or_clone_without_transformation ... ok
test query_planner::logical_plan::tests::test_graph_node_rebuild_or_clone ... ok
test query_planner::logical_plan::tests::test_graph_rel_rebuild_or_clone ... ok
test query_planner::logical_plan::tests::test_order_by_item_from_ast ... ok
test query_planner::logical_plan::tests::test_projection_item_from_ast ... ok
test query_planner::logical_plan::tests::test_projection_rebuild_or_clone_with_transformation ... ok
test query_planner::optimizer::filter_into_graph_rel::tests::test_plan_ctx_stores_filters ... ok
test query_planner::optimizer::view_optimizer::tests::test_filter_simplification ... ok
test query_planner::optimizer::view_optimizer::tests::test_flatten_and_operands ... ok
test query_planner::optimizer::view_optimizer::tests::test_view_optimizer_creation ... ok
test query_planner::optimizer::filter_into_graph_rel::tests::test_simple_match_with_where_parses ... ok
test query_planner::optimizer::view_optimizer::tests::test_view_scan_optimization ... ok
test render_plan::expression_utils::tests::test_references_alias ... ok
test render_plan::tests::variable_length_tests::complex_query_tests::test_multiple_return_items ... ok
test render_plan::tests::multiple_relationship_tests::multiple_relationship_tests::test_single_relationship_type_no_union ... ok
test render_plan::tests::multiple_relationship_tests::multiple_relationship_tests::test_multiple_relationship_types_union ... ok
test render_plan::tests::variable_length_tests::complex_query_tests::test_order_by_with_limit ... ok
test render_plan::tests::multiple_relationship_tests::multiple_relationship_tests::test_multi_hop_intermediate_nodes_referenced ... ok
test render_plan::tests::variable_length_tests::complex_query_tests::test_with_group_by ... ok
test render_plan::tests::multiple_relationship_tests::multiple_relationship_tests::test_multi_hop_different_relationship_types ... ok
test render_plan::tests::multiple_relationship_tests::multiple_relationship_tests::test_three_relationship_types_union ... ok
test render_plan::tests::multiple_relationship_tests::multiple_relationship_tests::test_multi_hop_mixed_directions ... ok
test render_plan::tests::multiple_relationship_tests::multiple_relationship_tests::test_multi_hop_with_where_clause ... ok
test render_plan::tests::multiple_relationship_tests::multiple_relationship_tests::test_three_hop_traversal_has_all_on_clauses ... ok
test render_plan::tests::variable_length_tests::complex_query_tests::test_with_multiple_where_conditions ... ok
test render_plan::tests::variable_length_tests::complex_query_tests::test_with_sum_aggregation ... ok
test render_plan::tests::variable_length_tests::parsing_tests::test_parse_bidirectional ... ok
test render_plan::tests::multiple_relationship_tests::multiple_relationship_tests::test_two_hop_traversal_has_all_on_clauses ... ok
test render_plan::tests::variable_length_tests::parsing_tests::test_parse_fixed_length_pattern ... ok
test render_plan::tests::variable_length_tests::parsing_tests::test_parse_max_only_pattern ... ok
test render_plan::tests::variable_length_tests::parsing_tests::test_parse_range_pattern ... ok
test render_plan::tests::variable_length_tests::parsing_tests::test_parse_unbounded_pattern ... ok
test render_plan::tests::variable_length_tests::parsing_tests::test_parse_with_aggregation ... ok
test render_plan::tests::variable_length_tests::parsing_tests::test_parse_with_limit ... ok
test render_plan::tests::variable_length_tests::parsing_tests::test_parse_with_order_by ... ok
test render_plan::tests::variable_length_tests::parsing_tests::test_parse_with_properties ... ok
test render_plan::tests::variable_length_tests::parsing_tests::test_parse_with_where_clause ... ok
test render_plan::tests::variable_length_tests::validation_tests::test_accept_large_range ... ok
test render_plan::tests::variable_length_tests::validation_tests::test_accept_single_hop ... ok
test render_plan::tests::variable_length_tests::validation_tests::test_reject_inverted_range ... ok
test render_plan::tests::variable_length_tests::validation_tests::test_reject_zero_hops ... ok
test render_plan::tests::variable_length_tests::validation_tests::test_reject_zero_min ... ok
test render_plan::tests::where_clause_filter_tests::edge_cases::test_all_shortest_paths_basic ... ok
test render_plan::tests::where_clause_filter_tests::edge_cases::test_filter_with_comparison_operator ... ok
test render_plan::tests::where_clause_filter_tests::edge_cases::test_filter_with_string_property ... ok
test render_plan::tests::where_clause_filter_tests::edge_cases::test_filter_with_numeric_property ... ok
test render_plan::tests::where_clause_filter_tests::edge_cases::test_all_shortest_paths_with_filters ... ok
test render_plan::tests::where_clause_filter_tests::edge_cases::test_unbounded_path_with_filter ... ok
test render_plan::tests::where_clause_filter_tests::filter_categorization_tests::test_start_filter_in_base_case ... ok
test render_plan::tests::where_clause_filter_tests::filter_categorization_tests::test_end_filter_in_wrapper_cte ... ok
test render_plan::tests::where_clause_filter_tests::filter_categorization_tests::test_filters_preserve_semantics ... ok
test render_plan::tests::where_clause_filter_tests::shortest_path_filters::test_shortest_path_with_only_end_filter ... ok
test render_plan::tests::where_clause_filter_tests::shortest_path_filters::test_shortest_path_with_complex_filter ... ok
test server::bolt_protocol::auth::tests::test_auth_scheme_parsing ... ok
test server::bolt_protocol::auth::tests::test_auth_token_from_hello_fields ... ok
test render_plan::tests::where_clause_filter_tests::shortest_path_filters::test_shortest_path_with_only_start_filter ... ok
test server::bolt_protocol::auth::tests::test_authenticated_user_roles ... ok
test render_plan::tests::where_clause_filter_tests::variable_length_path_filters::test_both_start_and_end_filters ... ok
test render_plan::tests::where_clause_filter_tests::shortest_path_filters::test_shortest_path_with_start_and_end_filters ... ok
test server::bolt_protocol::auth::tests::test_authenticator_disabled ... ok
test render_plan::tests::where_clause_filter_tests::shortest_path_filters::test_shortest_path_with_user_id_filters ... ok
test server::bolt_protocol::auth::tests::test_basic_auth_token ... ok
test server::bolt_protocol::auth::tests::test_authenticator_enabled ... ok
test render_plan::tests::where_clause_filter_tests::variable_length_path_filters::test_filter_with_variable_length_range ... ok
test render_plan::tests::where_clause_filter_tests::variable_length_path_filters::test_end_node_filter_only ... ok
test server::bolt_protocol::auth::tests::test_password_hashing ... ok
test render_plan::tests::where_clause_filter_tests::variable_length_path_filters::test_property_filter_on_start_node ... ok
test render_plan::tests::where_clause_filter_tests::variable_length_path_filters::test_multiple_filters_on_same_node ... ok
test server::bolt_protocol::connection::tests::test_chunk_creation ... ok
test render_plan::tests::where_clause_filter_tests::variable_length_path_filters::test_start_node_filter_only ... ok
test server::bolt_protocol::connection::tests::test_magic_preamble ... ok
test server::bolt_protocol::errors::tests::test_bolt_error_creation ... ok
test server::bolt_protocol::errors::tests::test_error_codes ... ok
test server::bolt_protocol::errors::tests::test_error_conversion ... ok
test server::bolt_protocol::errors::tests::test_recoverable_errors ... ok
test server::bolt_protocol::connection::tests::test_bolt_connection_creation ... ok
test server::bolt_protocol::handler::tests::test_goodbye_message_handling ... ok
test server::bolt_protocol::messages::tests::test_bolt_chunk ... ok
test server::bolt_protocol::handler::tests::test_reset_message_handling ... ok
test server::bolt_protocol::handler::tests::test_hello_message_handling ... ok
test server::bolt_protocol::messages::tests::test_failure_message ... ok
test server::bolt_protocol::handler::tests::test_transaction_lifecycle ... ok
test server::bolt_protocol::messages::tests::test_hello_message_creation ... ok
test server::bolt_protocol::messages::tests::test_message_type_identification ... ok
test server::bolt_protocol::messages::tests::test_run_message_creation ... ok
test server::bolt_protocol::tests::test_bolt_context_creation ... ok
test server::bolt_protocol::tests::test_bolt_server_creation ... ok
test server::bolt_protocol::tests::test_context_state_transitions ... ok
test server::bolt_protocol::tests::test_version_negotiation ... ok
test server::bolt_protocol::tests::test_version_string_formatting ... ok
test server::parameter_substitution::tests::test_escape_string ... ok
test server::parameter_substitution::tests::test_format_parameter_array ... ok
test server::parameter_substitution::tests::test_format_parameter_boolean ... ok
test server::parameter_substitution::tests::test_format_parameter_float ... ok
test server::parameter_substitution::tests::test_format_parameter_integer ... ok
test server::parameter_substitution::tests::test_format_parameter_null ... ok
test server::parameter_substitution::tests::test_format_parameter_string ... ok
test server::parameter_substitution::tests::test_format_parameter_string_with_quotes ... ok
test server::parameter_substitution::tests::test_lone_dollar_sign ... ok
test server::parameter_substitution::tests::test_substitute_parameters_in_clause ... ok
test server::parameter_substitution::tests::test_substitute_parameters_missing ... ok
test server::parameter_substitution::tests::test_substitute_parameters_multiple ... ok
test server::parameter_substitution::tests::test_substitute_parameters_no_parameters ... ok
test server::parameter_substitution::tests::test_substitute_parameters_simple ... ok
test server::parameter_substitution::tests::test_substitute_parameters_sql_injection_prevention ... ok
test server::query_cache::tests::test_cache_basic_operations ... ok
test server::query_cache::tests::test_cache_key_creation ... ok
test server::query_cache::tests::test_cache_lru_eviction ... ok
test server::query_cache::tests::test_replan_option_parsing ... ok
test server::query_cache::tests::test_cache_metrics ... ok
test server::query_cache::tests::test_schema_invalidation ... ok
test server::query_cache::tests::test_strip_prefix ... ok
test render_plan::tests::variable_length_tests::performance_tests::test_complex_query_parsing ... ok
test render_plan::tests::variable_length_tests::performance_tests::test_parsing_performance ... ok

test result: ok. 406 passed; 0 failed; 1 ignored; 0 measured; 0 filtered out; finished in 0.05s

